{
    "test-dataset_cellranger_aligner": {
        "content": [
            "barcodes.tsv.gz:md5,fe6e51564b4405b37ca8604a844b1f2e",
            "features.tsv.gz:md5,99e453cb1443a3e43e99405184e51a5e",
            "matrix.mtx.gz:md5,1528b9b0fccc78dec95695928e42e710",
            "barcodes.tsv.gz:md5,77afe9a76631fc7b44236d3962a55aa5",
            "features.tsv.gz:md5,99e453cb1443a3e43e99405184e51a5e",
            "matrix.mtx.gz:md5,49db721ca5d5749cf11597e82a010eb6",
            "barcodes.tsv.gz:md5,85da6b6e0c78dfe81af8c07c2017ab5e",
            "features.tsv.gz:md5,99e453cb1443a3e43e99405184e51a5e",
            "matrix.mtx.gz:md5,96943587acf3356c5fa5038056c54c96",
            "barcodes.tsv.gz:md5,081f72b5252ccaf5ffd535ffbd235c4c",
            "features.tsv.gz:md5,99e453cb1443a3e43e99405184e51a5e",
            "matrix.mtx.gz:md5,58182db2706d532ec970526de3d3b70f",
            "Sample_X_raw_matrix.seurat.rds:md5,9313e78e79afc6003c75033529d1a9dd",
            "Sample_X_raw_matrix.sce.rds:md5,e834517ca64a5c3f84265a6aa287086b",
            "Sample_Y_raw_matrix.seurat.rds:md5,e6a9898842cd9090c2608795a8e266ee",
            "Sample_Y_raw_matrix.sce.rds:md5,d8aaa5c6ffd2092b27716c6106b047e9",
            "Sample_X_filtered_matrix.seurat.rds:md5,68c0f673aeb8b8391930e534ca0b2653",
            "Sample_X_filtered_matrix.sce.rds:md5,52619bbf52478c4fdca8cb62606a567c",
            "Sample_Y_filtered_matrix.seurat.rds:md5,bbb40897f4fabf9db1124e4fc28b624e",
            "Sample_Y_filtered_matrix.sce.rds:md5,aa47704a2d43addbe37cb63cf977ac7b"
        ],
        "meta": {
            "nf-test": "0.9.0",
            "nextflow": "24.10.1"
        },
        "timestamp": "2024-11-26T09:27:10.525261276"
    }
}
